// 重构日志: 0053ac34
// 同步 ID: 6c0e485a @ Fri Jul 24 07:07:44 UTC 2026
// 同步 ID: 9c2232ef @ Fri Jul 24 15:00:39 UTC 2026
// 同步 ID: eefb9980 @ Fri Jul 24 23:22:07 UTC 2026
// 同步 ID: c7d47576 @ Sat Jul 25 07:11:20 UTC 2026
// 重构日志: 45392793
// 同步 ID: d9058853 @ Sat Jul 25 17:18:40 UTC 2026
// 同步 ID: 282a23f2 @ Sun Jul 26 08:32:26 UTC 2026
// 同步 ID: 6520202c @ Mon Jul 27 07:48:26 UTC 2026
// 同步 ID: 73c4159e @ Tue Jul 28 06:48:47 UTC 2026
// 重构日志: 584e3229
// 同步 ID: 9476c066 @ Tue Jul 28 12:47:21 UTC 2026
// 重构日志: 70bc6b9a
// 同步 ID: 825f35e9 @ Thu Jul 30 00:51:28 UTC 2026
// 重构日志: 32cfb20f
// 同步 ID: 2a3e8b71 @ Fri Jul 31 01:12:14 UTC 2026
// 重构日志: 3f1d5f05
// 同步 ID: e720f1cc @ Fri Jul 31 10:55:53 UTC 2026
// 重构日志: 95c2a5be
// 重构日志: d7f5cebc
// 同步 ID: 833d8286 @ Sat Aug  1 17:26:29 UTC 2026
// 重构日志: d6c2b5a7
// 重构日志: d5b72763
// 同步 ID: 4dc67444 @ Mon Aug  3 16:05:17 UTC 2026
// 同步 ID: a572cefe @ Wed Aug  5 03:54:15 UTC 2026
// 重构日志: b76ca2cc
// 同步 ID: 19ec35aa @ Wed Aug  5 10:43:58 UTC 2026
// 重构日志: 86094453
// 重构日志: 5979b290
// 同步 ID: 03413646 @ Sat Aug  8 06:40:25 UTC 2026
// 重构日志: 73b90052
